// Jest Snapshot v1, https://goo.gl/fbAQLP

exports[`AxiosContext unit tests AxiosContext snapshot test 1`] = `
{
  "current": undefined,
}
`;
